{"step":"add-track-gn-8h4e-bench","tool":"add_tracks","ms":853,"bytes":669,"ok":true,"status":"verified"}
{"step":"bench-2-offline-0","tool":"compose_devices","ms":3382,"bytes":1369,"ok":true,"status":"verified"}
{"step":"bench-2-offline-0-read","tool":"read_devices","ms":552,"bytes":1036,"ok":true}
{"step":"bench-2-offline-0-revert","tool":"revert_change","ms":1440,"bytes":696,"ok":true,"status":"verified"}
{"step":"bench-2-offline-0-after","tool":"read_devices","ms":333,"bytes":416,"ok":true}
{"step":"bench-2-staged-0","tool":"compose_devices","ms":17551,"bytes":3833,"ok":true,"status":"verified"}
{"step":"bench-2-staged-0-read","tool":"read_devices","ms":546,"bytes":1036,"ok":true}
{"step":"bench-2-staged-0-revert","tool":"revert_change","ms":12597,"bytes":1122,"ok":true,"status":"verified"}
{"step":"bench-2-staged-0-after","tool":"read_devices","ms":341,"bytes":415,"ok":true}
{"step":"bench-4-offline-0","tool":"compose_devices","ms":4023,"bytes":1834,"ok":true,"status":"verified"}
{"step":"bench-4-offline-0-read","tool":"read_devices","ms":557,"bytes":1495,"ok":true}
{"step":"bench-4-offline-0-revert","tool":"revert_change","ms":1454,"bytes":696,"ok":true,"status":"verified"}
{"step":"bench-4-offline-0-after","tool":"read_devices","ms":333,"bytes":415,"ok":true}
{"step":"bench-4-staged-0","tool":"compose_devices","ms":30556,"bytes":7012,"ok":true,"status":"verified"}
{"step":"bench-4-staged-0-read","tool":"read_devices","ms":554,"bytes":1495,"ok":true}
{"step":"bench-4-staged-0-revert","tool":"revert_change","ms":20916,"bytes":1844,"ok":true,"status":"verified"}
{"step":"bench-4-staged-0-after","tool":"read_devices","ms":335,"bytes":416,"ok":true}
{"step":"bench-2-offline-1","tool":"compose_devices","ms":3403,"bytes":1375,"ok":true,"status":"verified"}
{"step":"bench-2-offline-1-read","tool":"read_devices","ms":554,"bytes":1036,"ok":true}
{"step":"bench-2-offline-1-revert","tool":"revert_change","ms":1444,"bytes":696,"ok":true,"status":"verified"}
{"step":"bench-2-offline-1-after","tool":"read_devices","ms":334,"bytes":414,"ok":true}
{"step":"bench-2-staged-1","tool":"compose_devices","ms":17500,"bytes":3832,"ok":true,"status":"verified"}
{"step":"bench-2-staged-1-read","tool":"read_devices","ms":551,"bytes":1036,"ok":true}
{"step":"bench-2-staged-1-revert","tool":"revert_change","ms":12558,"bytes":1122,"ok":true,"status":"verified"}
{"step":"bench-2-staged-1-after","tool":"read_devices","ms":340,"bytes":415,"ok":true}
{"step":"bench-4-offline-1","tool":"compose_devices","ms":3978,"bytes":1834,"ok":true,"status":"verified"}
{"step":"bench-4-offline-1-read","tool":"read_devices","ms":545,"bytes":1495,"ok":true}
{"step":"bench-4-offline-1-revert","tool":"revert_change","ms":1428,"bytes":696,"ok":true,"status":"verified"}
{"step":"bench-4-offline-1-after","tool":"read_devices","ms":335,"bytes":416,"ok":true}
{"step":"bench-4-staged-1","tool":"compose_devices","ms":30430,"bytes":7018,"ok":true,"status":"verified"}
{"step":"bench-4-staged-1-read","tool":"read_devices","ms":553,"bytes":1495,"ok":true}
{"step":"bench-4-staged-1-revert","tool":"revert_change","ms":20968,"bytes":1844,"ok":true,"status":"verified"}
{"step":"bench-4-staged-1-after","tool":"read_devices","ms":336,"bytes":415,"ok":true}
{"step":"cleanup","tool":"delete_track","ms":485,"bytes":474,"ok":true,"status":"verified"}
