{"step":"connection","tool":"check_bitwig_connection","ok":true,"ms":25,"bytes":324,"calls":2,"turns":1,"wireMs":24,"brainMs":1,"idleMs":0,"clipReads":0,"stages":0}
{"step":"tracks","tool":"list_tracks","ok":true,"ms":25,"bytes":772,"calls":2,"turns":1,"wireMs":24,"brainMs":1,"idleMs":0,"clipReads":0,"stages":0}
{"step":"add-tracks","tool":"add_tracks","ok":true,"ms":835,"bytes":669,"calls":46,"turns":20,"wireMs":450,"brainMs":29,"idleMs":356,"clipReads":0,"stages":2}
{"step":"add-scene","tool":"add_scenes","ok":true,"ms":368,"bytes":259,"calls":34,"turns":12,"wireMs":287,"brainMs":12,"idleMs":69,"clipReads":0,"stages":1}
{"step":"delete-scene","tool":"delete_scene","ok":true,"ms":393,"bytes":262,"calls":36,"turns":13,"wireMs":311,"brainMs":14,"idleMs":68,"clipReads":0,"stages":1}
{"step":"add-clip-typical","tool":"add_launcher_clip","ok":true,"ms":2323,"bytes":1177,"calls":85,"turns":54,"wireMs":1763,"brainMs":307,"idleMs":253,"clipReads":3,"stages":2}
{"step":"clip-props","tool":"set_launcher_clip_properties","ok":true,"ms":1447,"bytes":662,"calls":44,"turns":36,"wireMs":1355,"brainMs":34,"idleMs":59,"clipReads":3,"stages":1}
{"step":"read-clip","tool":"read_launcher_clip","ok":true,"ms":477,"bytes":11781,"calls":14,"turns":10,"wireMs":436,"brainMs":66,"idleMs":0,"clipReads":1,"stages":0}
{"step":"read-clip-repeat","tool":"read_launcher_clip","ok":true,"ms":415,"bytes":11781,"calls":14,"turns":10,"wireMs":398,"brainMs":21,"idleMs":0,"clipReads":1,"stages":0}
{"step":"edit-targeted-16","tool":"edit_launcher_clip","ok":true,"ms":1451,"bytes":909,"calls":42,"turns":34,"wireMs":1146,"brainMs":128,"idleMs":178,"clipReads":2,"stages":1}
{"step":"read-clip-2","tool":"read_launcher_clip","ok":true,"ms":423,"bytes":12387,"calls":14,"turns":10,"wireMs":410,"brainMs":27,"idleMs":0,"clipReads":1,"stages":0}
{"step":"edit-whole-1","tool":"edit_launcher_clip","ok":true,"ms":1740,"bytes":1091,"calls":52,"turns":41,"wireMs":1432,"brainMs":168,"idleMs":140,"clipReads":3,"stages":1}
{"step":"read-clip-3","tool":"read_launcher_clip","ok":true,"ms":416,"bytes":12387,"calls":14,"turns":10,"wireMs":403,"brainMs":18,"idleMs":0,"clipReads":1,"stages":0}
{"step":"check-clips-1","tool":"check_launcher_clips","ok":true,"ms":409,"bytes":565,"calls":14,"turns":10,"wireMs":401,"brainMs":53,"idleMs":0,"clipReads":1,"stages":0}
{"step":"launch-settings","tool":"set_launcher_clip_launch_settings","ok":true,"ms":1056,"bytes":600,"calls":35,"turns":27,"wireMs":966,"brainMs":27,"idleMs":63,"clipReads":2,"stages":1}
{"step":"copy-clip","tool":"copy_launcher_clips","ok":true,"ms":924,"bytes":687,"calls":45,"turns":22,"wireMs":718,"brainMs":24,"idleMs":182,"clipReads":1,"stages":1}
{"step":"move-clip","tool":"move_launcher_clips","ok":true,"ms":1190,"bytes":821,"calls":49,"turns":26,"wireMs":986,"brainMs":19,"idleMs":185,"clipReads":2,"stages":1}
{"step":"show-clip","tool":"show_launcher_clip_in_detail_editor","ok":true,"ms":238,"bytes":232,"calls":14,"turns":10,"wireMs":237,"brainMs":10,"idleMs":0,"clipReads":0,"stages":0}
{"step":"delete-clip","tool":"delete_launcher_clip","ok":true,"ms":878,"bytes":484,"calls":44,"turns":21,"wireMs":674,"brainMs":17,"idleMs":188,"clipReads":1,"stages":1}
{"step":"changes","tool":"list_changes","ok":true,"ms":7,"bytes":13610,"calls":0,"turns":0,"wireMs":0,"brainMs":7,"idleMs":0,"clipReads":0,"stages":0}
{"step":"check-revert","tool":"check_revert","ok":true,"ms":442,"bytes":2148,"calls":10,"turns":8,"wireMs":430,"brainMs":18,"idleMs":0,"clipReads":1,"stages":0}
{"step":"revert-targeted","tool":"revert_change","ok":true,"ms":1581,"bytes":2172,"calls":42,"turns":34,"wireMs":1333,"brainMs":68,"idleMs":181,"clipReads":3,"stages":1}
{"step":"rename-track","tool":"rename_track","ok":true,"ms":381,"bytes":340,"calls":16,"turns":10,"wireMs":208,"brainMs":8,"idleMs":165,"clipReads":0,"stages":1}
{"step":"duplicate-track","tool":"duplicate_track","ok":true,"ms":844,"bytes":812,"calls":46,"turns":20,"wireMs":469,"brainMs":14,"idleMs":360,"clipReads":0,"stages":2}
{"step":"add-tracks-2","tool":"add_tracks","ok":true,"ms":841,"bytes":671,"calls":46,"turns":20,"wireMs":468,"brainMs":13,"idleMs":360,"clipReads":0,"stages":2}
{"step":"add-device","tool":"add_devices","ok":true,"ms":1544,"bytes":656,"calls":67,"turns":47,"wireMs":1065,"brainMs":32,"idleMs":447,"clipReads":0,"stages":1}
{"step":"read-devices-1","tool":"read_devices","ok":true,"ms":652,"bytes":468,"calls":24,"turns":23,"wireMs":544,"brainMs":9,"idleMs":100,"clipReads":0,"stages":0}
{"step":"read-controls","tool":"read_device_controls","ok":true,"ms":820,"bytes":10793,"calls":23,"turns":22,"wireMs":511,"brainMs":17,"idleMs":291,"clipReads":0,"stages":0}
{"step":"read-controls-same","tool":"read_device_controls","ok":true,"ms":823,"bytes":10793,"calls":23,"turns":22,"wireMs":519,"brainMs":12,"idleMs":292,"clipReads":0,"stages":0}
{"step":"set-controls-1","tool":"set_device_controls","ok":true,"ms":2650,"bytes":897,"calls":74,"turns":69,"wireMs":1630,"brainMs":51,"idleMs":969,"clipReads":0,"stages":1}
{"step":"device-enabled","tool":"set_device_enabled","ok":true,"ms":905,"bytes":319,"calls":37,"turns":31,"wireMs":744,"brainMs":22,"idleMs":140,"clipReads":0,"stages":1}
{"step":"revert-enabled","tool":"revert_change","ok":true,"ms":775,"bytes":478,"calls":36,"turns":28,"wireMs":666,"brainMs":16,"idleMs":93,"clipReads":0,"stages":1}
{"step":"read-devices-2","tool":"read_devices","ok":true,"ms":655,"bytes":468,"calls":24,"turns":23,"wireMs":547,"brainMs":11,"idleMs":96,"clipReads":0,"stages":0}
{"step":"wrap","tool":"wrap_existing_device_modulation","ok":true,"ms":14390,"bytes":4089,"calls":420,"turns":319,"wireMs":7349,"brainMs":220,"idleMs":6821,"clipReads":0,"stages":5}
{"step":"wrap-reverse","tool":"reverse_existing_device_modulation_wrap","ok":true,"ms":5801,"bytes":1010,"calls":197,"turns":146,"wireMs":3422,"brainMs":73,"idleMs":2306,"clipReads":0,"stages":2}
{"step":"compose-2","tool":"compose_devices","ok":true,"ms":3641,"bytes":1374,"calls":128,"turns":101,"wireMs":2376,"brainMs":77,"idleMs":1187,"clipReads":0,"stages":3}
{"step":"read-devices-3","tool":"read_devices","ok":true,"ms":780,"bytes":1088,"calls":29,"turns":28,"wireMs":647,"brainMs":9,"idleMs":123,"clipReads":0,"stages":0}
{"step":"solo","tool":"set_layer_chain_solo","ok":true,"ms":1112,"bytes":579,"calls":46,"turns":39,"wireMs":922,"brainMs":20,"idleMs":170,"clipReads":0,"stages":1}
{"step":"rename-chain","tool":"rename_layer_chain","ok":true,"ms":1195,"bytes":497,"calls":44,"turns":37,"wireMs":889,"brainMs":91,"idleMs":214,"clipReads":0,"stages":1}
{"step":"duplicate-chain","tool":"duplicate_layer_chain","ok":true,"ms":1756,"bytes":814,"calls":54,"turns":47,"wireMs":1121,"brainMs":27,"idleMs":608,"clipReads":0,"stages":1}
{"step":"copy-device","tool":"copy_devices","ok":true,"ms":2472,"bytes":1262,"calls":107,"turns":84,"wireMs":1991,"brainMs":48,"idleMs":434,"clipReads":0,"stages":1}
{"step":"move-device","tool":"move_devices","ok":true,"ms":2311,"bytes":940,"calls":97,"turns":75,"wireMs":1786,"brainMs":33,"idleMs":492,"clipReads":0,"stages":1}
{"step":"read-devices-4","tool":"read_devices","ok":true,"ms":950,"bytes":1373,"calls":34,"turns":33,"wireMs":791,"brainMs":13,"idleMs":146,"clipReads":0,"stages":0}
{"step":"delete-device","tool":"delete_device","ok":true,"ms":3296,"bytes":659,"calls":116,"turns":94,"wireMs":2200,"brainMs":47,"idleMs":1048,"clipReads":0,"stages":1}
{"step":"modulator-types","tool":"list_modulator_types","ok":true,"ms":1,"bytes":11663,"calls":0,"turns":0,"wireMs":0,"brainMs":1,"idleMs":0,"clipReads":0,"stages":0}
{"step":"read-preset","tool":"read_preset_modulation","ok":true,"ms":3,"bytes":930,"calls":0,"turns":0,"wireMs":0,"brainMs":3,"idleMs":0,"clipReads":0,"stages":0}
{"step":"read-preset-bare","tool":"read_preset_modulation","ok":true,"ms":1,"bytes":381,"calls":0,"turns":0,"wireMs":0,"brainMs":1,"idleMs":0,"clipReads":0,"stages":0}
{"step":"edit-preset","tool":"edit_preset_modulation","ok":true,"ms":8233,"bytes":2729,"calls":233,"turns":203,"wireMs":4661,"brainMs":112,"idleMs":3461,"clipReads":0,"stages":1}
{"step":"delete-tracks","tool":"delete_track","ok":true,"ms":937,"bytes":708,"calls":69,"turns":18,"wireMs":395,"brainMs":11,"idleMs":530,"clipReads":0,"stages":3}
