{"step":"add-track-gn-8h4e-ab","tool":"add_tracks","ms":831,"bytes":666,"ok":true,"status":"verified"}
{"step":"ab-compose","tool":"compose_devices","ms":3368,"bytes":1374,"ok":true,"status":"verified"}
{"step":"ab-read-1","tool":"read_devices","ms":560,"bytes":1034,"ok":true}
{"step":"ab-controls-A","tool":"read_device_controls","ms":767,"bytes":10859,"ok":true}
{"step":"ab-controls-A-same-target","tool":"read_device_controls","ms":772,"bytes":10859,"ok":true}
{"step":"ab-set-A","tool":"set_device_controls","ms":2555,"bytes":963,"ok":true}
{"step":"ab-controls-B","tool":"read_device_controls","ms":771,"bytes":10552,"ok":true}
{"step":"ab-controls-B-same-target","tool":"read_device_controls","ms":764,"bytes":10552,"ok":true}
{"step":"ab-set-B","tool":"set_device_controls","ms":2561,"bytes":965,"ok":true}
{"step":"ab-solo-A","tool":"set_layer_chain_solo","ms":968,"bytes":578,"ok":true,"status":"verified"}
{"step":"ab-solo-A-read","tool":"read_devices","ms":556,"bytes":1033,"ok":true}
{"step":"ab-solo-B","tool":"set_layer_chain_solo","ms":973,"bytes":578,"ok":true,"status":"verified"}
{"step":"ab-solo-B-read","tool":"read_devices","ms":550,"bytes":1033,"ok":true}
{"step":"ab-solo-B-again","tool":"set_layer_chain_solo","ms":216,"bytes":345,"ok":true,"status":"already-set"}
{"step":"ab-solo-B-again-read","tool":"read_devices","ms":542,"bytes":1033,"ok":true}
{"step":"ab-solo-A-on","tool":"set_layer_chain_solo","ms":957,"bytes":556,"ok":true,"status":"verified"}
{"step":"ab-solo-A-on-read","tool":"read_devices","ms":560,"bytes":1032,"ok":true}
{"step":"ab-solo-B-off","tool":"set_layer_chain_solo","ms":959,"bytes":560,"ok":true,"status":"verified"}
{"step":"ab-solo-B-off-read","tool":"read_devices","ms":549,"bytes":1033,"ok":true}
{"step":"ab-solo-A-off","tool":"set_layer_chain_solo","ms":967,"bytes":561,"ok":true,"status":"verified"}
{"step":"ab-solo-A-off-read","tool":"read_devices","ms":562,"bytes":1034,"ok":true}
{"step":"ab-duplicate","tool":"duplicate_layer_chain","ms":1421,"bytes":829,"ok":true,"status":"verified"}
{"step":"ab-duplicate-read","tool":"read_devices","ms":553,"bytes":1270,"ok":true}
{"step":"ab-rename","tool":"rename_layer_chain","ms":1075,"bytes":517,"ok":true,"status":"verified"}
{"step":"ab-rename-read","tool":"read_devices","ms":550,"bytes":1265,"ok":true}
{"step":"delete-layer-chain-refusal","tool":"delete_device","ms":1,"bytes":457,"ok":false,"code":"unsupported"}
{"step":"delete-layer-chain-refusal-read","tool":"read_devices","ms":551,"bytes":1265,"ok":true}
{"step":"collapse-add-tail","tool":"add_devices","ms":1447,"bytes":703,"ok":true,"status":"verified"}
{"step":"collapse-read-1","tool":"read_devices","ms":702,"bytes":1314,"ok":true}
{"step":"collapse-move-out","tool":"move_devices","ms":1849,"bytes":896,"ok":true,"status":"verified"}
{"step":"collapse-read-2","tool":"read_devices","ms":837,"bytes":1330,"ok":true}
{"step":"collapse-delete-container","tool":"delete_device","ms":3055,"bytes":648,"ok":true,"status":"verified"}
{"step":"collapse-read-3","tool":"read_devices","ms":695,"bytes":516,"ok":true}
{"step":"collapse-restore","tool":"move_devices","ms":1254,"bytes":675,"ok":true,"status":"verified"}
{"step":"collapse-read-final","tool":"read_devices","ms":696,"bytes":516,"ok":true}
{"step":"cleanup","tool":"delete_track","ms":479,"bytes":474,"ok":true,"status":"verified"}
