{"profile":"stable-v1","phase":"workflow","step":"read","tool":"read_clip","ms":678,"bytes":3962,"ok":true}
{"profile":"stable-v1","phase":"workflow","step":"copy","tool":"copy_clip_down","ms":2680,"bytes":2135,"ok":true}
{"profile":"stable-v1","phase":"workflow","step":"edit","tool":"write_notes","ms":1234,"bytes":1498,"ok":true}
{"profile":"stable-v1","phase":"workflow","step":"launch","tool":"launch_clip","ms":744,"bytes":388,"ok":true}
{"profile":"stable-v1","phase":"workflow","step":"show","tool":"show_changed_clip","ms":607,"bytes":301,"ok":true}
{"profile":"stable-v1","phase":"workflow","step":"revert","tool":"revert_change","ms":4823,"bytes":2971,"ok":true}
{"profile":"stable-v1","phase":"workflow","step":"revert","tool":"revert_change","ms":2192,"bytes":3867,"ok":true}
{"baseline":{"label":"stable-v1","sourceUnchanged":true,"copyEmpty":true,"addedEmpty":true}}
{"profile":"agent-native-v1","phase":"workflow","step":"read","tool":"read_launcher_clip","ms":421,"bytes":10956,"ok":true}
{"profile":"agent-native-v1","phase":"workflow","step":"copy","tool":"copy_launcher_clips","ms":911,"bytes":687,"ok":true}
{"profile":"agent-native-v1","phase":"workflow","step":"edit","tool":"read_launcher_clip","ms":417,"bytes":11248,"ok":true}
{"profile":"agent-native-v1","phase":"workflow","step":"edit","tool":"edit_launcher_clip","ms":1407,"bytes":911,"ok":true}
{"profile":"agent-native-v1","phase":"workflow","step":"launch","tool":"launch_clip","ms":760,"bytes":439,"ok":true}
{"profile":"agent-native-v1","phase":"workflow","step":"show","tool":"show_launcher_clip_in_detail_editor","ms":238,"bytes":232,"ok":true}
{"profile":"agent-native-v1","phase":"workflow","step":"revert","tool":"revert_change","ms":1562,"bytes":1903,"ok":true}
{"profile":"agent-native-v1","phase":"workflow","step":"revert","tool":"revert_change","ms":1179,"bytes":1985,"ok":true}
{"baseline":{"label":"agent-native-v1","sourceUnchanged":true,"copyEmpty":true,"addedEmpty":true}}
{"profile":"stable-v1","phase":"extra","step":"add","tool":"add_clip","ms":1459,"bytes":1571,"ok":true}
{"profile":"stable-v1","phase":"extra","step":"revert","tool":"revert_change","ms":1196,"bytes":3648,"ok":true}
{"profile":"agent-native-v1","phase":"extra","step":"add","tool":"add_launcher_clip","ms":2255,"bytes":1172,"ok":true}
{"profile":"agent-native-v1","phase":"extra","step":"add","tool":"read_launcher_clip","ms":397,"bytes":1800,"ok":true}
{"profile":"agent-native-v1","phase":"extra","step":"revert","tool":"revert_change","ms":1766,"bytes":1903,"ok":true}
{"profile":"agent-native-v1","phase":"extra","step":"revert","tool":"revert_change","ms":1183,"bytes":1985,"ok":true}
{"baseline":{"label":"add","sourceUnchanged":true,"copyEmpty":true,"addedEmpty":true}}
{"profile":"agent-native-v1","phase":"extra","step":"direct","tool":"read_launcher_clip","ms":430,"bytes":10961,"ok":true}
{"profile":"agent-native-v1","phase":"extra","step":"direct","tool":"edit_launcher_clip","ms":1776,"bytes":1093,"ok":true}
{"profile":"agent-native-v1","phase":"extra","step":"revert","tool":"revert_change","ms":4990,"bytes":1903,"ok":true}
{"baseline":{"label":"direct","sourceUnchanged":true,"copyEmpty":true,"addedEmpty":true}}
{"profile":"stable-v1","phase":"extra","step":"launch-pair","tool":"launch_clip","ms":702,"bytes":388,"ok":true}
{"profile":"agent-native-v1","phase":"extra","step":"launch-pair","tool":"launch_clip","ms":742,"bytes":439,"ok":true}
{"profile":"stable-v1","phase":"extra","step":"launch-pair","tool":"launch_clip","ms":703,"bytes":387,"ok":true}
{"profile":"agent-native-v1","phase":"extra","step":"launch-pair","tool":"launch_clip","ms":742,"bytes":439,"ok":true}
{"profile":"stable-v1","phase":"extra","step":"launch-pair","tool":"launch_clip","ms":703,"bytes":387,"ok":true}
{"profile":"agent-native-v1","phase":"extra","step":"launch-pair","tool":"launch_clip","ms":763,"bytes":438,"ok":true}
{"profile":"stable-v1","phase":"extra","step":"launch-pair","tool":"launch_clip","ms":701,"bytes":387,"ok":true}
{"profile":"agent-native-v1","phase":"extra","step":"launch-pair","tool":"launch_clip","ms":752,"bytes":438,"ok":true}
{"totals":{"stable":{"calls":7,"ms":12958,"bytes":15122},"native":{"calls":8,"ms":6895,"bytes":28361}},"add":{"plan":{"route":"targeted","added":16,"removed":0,"changed":0,"moved":0},"timing":{"readMs":365.6790830000027,"planMs":8.547374999998283,"writeMs":1008.8010419999991,"readbackMs":5.1539169999996375,"totalMs":2253.9576670000024},"clip":{"id":"ceb","length":"8","loop":{"from":"0","to":"8"}},"events":16},"direct":{"route":"whole-clip","editTotalMs":1776},"launches":{"stable":[702,703,703,701],"native":[742,742,763,752],"stableMedian":703,"nativeMedian":752}}
